Sections:
00: "seg1000" (1000-1029)


Source: "char_ex.s"
                        	     1:   .org $1000
                        	     2: 
                        	     3: ; Apple 1 Wozmon.
                        	     4: ECHO = $FFEF
                        	     5: WOZENTRY = $FF00
                        	     6: 
00:1000 A200            	     7:   ldx #0
                        	     8: out_hello_string:
00:1002 BD1610          	     9:   lda hello, x 
00:1005 F007            	    10:   beq done_hello
00:1007 20EFFF          	    11:   jsr ECHO
00:100A E8              	    12:   inx 
00:100B 4C0210          	    13:   jmp out_hello_string
                        	    14: 
                        	    15: done_hello:
00:100E A90D            	    16:   lda #$0D     ; cr
00:1010 20EFFF          	    17:   jsr ECHO
                        	    18:   
00:1013 4C00FF          	    19:   jmp WOZENTRY
                        	    20: 
00:1016 57656C636F6D6520	    21: hello: .asciiz "Welcome to Wozmon!"
00:101E 746F20576F7A6D6F
00:1026 6E21
00:1028 00
                        	    22: 
                        	    23: 


Symbols by name:
ECHO                             E:FFEF
WOZENTRY                         E:FF00
done_hello                       A:100E
hello                            A:1016
out_hello_string                 A:1002

Symbols by value:
1002 out_hello_string
100E done_hello
1016 hello
FF00 WOZENTRY
FFEF ECHO
